{
  "longitudinal_mode": "pi",
  "kp": 0.5,
  "ki": 0.25,
  "plant": "synthetic 3*throttle - .08*speed - 8*brake with static friction; no gears",
  "cases": [
    {
      "kind": "stop",
      "preset": "carla",
      "speed_window": "near",
      "reference_speed_rms_mps": 0.06514746708465827,
      "deceleration_speed_rms_mps": 0.1122204239487845,
      "command_speed_rms_mps": 0.25329207660218367,
      "stop_position_error_m": -0.028329416532010043,
      "hold_displacement_m": 0.0,
      "hold_max_speed_mps": 0.0,
      "hold_duration_s": 5.0,
      "actual_stop_time_s": 6.050000000000001,
      "speed_at_planned_stop_mps": 0.07246596048234764,
      "deceleration_start_s": 3.0,
      "planned_stop_time_s": 6.0,
      "main_pass": true
    },
    {
      "kind": "stop",
      "preset": "tcp",
      "speed_window": "near",
      "reference_speed_rms_mps": 0.06514746708465827,
      "deceleration_speed_rms_mps": 0.1122204239487845,
      "command_speed_rms_mps": 0.25329207660218367,
      "stop_position_error_m": -0.028329416532010043,
      "hold_displacement_m": 0.0,
      "hold_max_speed_mps": 0.0,
      "hold_duration_s": 5.0,
      "actual_stop_time_s": 6.050000000000001,
      "speed_at_planned_stop_mps": 0.07246596048234764,
      "deceleration_start_s": 3.0,
      "planned_stop_time_s": 6.0,
      "main_pass": true
    },
    {
      "kind": "stop",
      "preset": "pursuit",
      "speed_window": "near",
      "reference_speed_rms_mps": 0.06514746708465827,
      "deceleration_speed_rms_mps": 0.1122204239487845,
      "command_speed_rms_mps": 0.25329207660218367,
      "stop_position_error_m": -0.028329416532010043,
      "hold_displacement_m": 0.0,
      "hold_max_speed_mps": 0.0,
      "hold_duration_s": 5.0,
      "actual_stop_time_s": 6.050000000000001,
      "speed_at_planned_stop_mps": 0.07246596048234764,
      "deceleration_start_s": 3.0,
      "planned_stop_time_s": 6.0,
      "main_pass": true
    },
    {
      "kind": "circle",
      "preset": "pursuit",
      "speed_mps": 6.0,
      "radius_m": 20.0,
      "sign": -1.0,
      "delay_s": 0.0,
      "lateral_offset_m": 0.0,
      "heading_offset_deg": 0.0,
      "wheelbase_gain": 1.0,
      "steering_gain": 1.0,
      "steering_delay_s": 0.0,
      "speed_window": "near",
      "lookahead": "additive",
      "experiment": "production_controller",
      "lateral_rms_full_m": 0.008492661334890638,
      "lateral_rms_m": 0.00907033271840876,
      "lateral_p95_m": 0.009781014025847056,
      "reference_speed_rms_mps": 0.028311521906860846,
      "command_speed_rms_mps": 0.03502344221288954,
      "controller_p99_ms": 0.16807496999999982,
      "reason_counts": {
        "tracking": 280
      },
      "physics_lateral_acceleration_mps2": 1.8,
      "main_pass": true
    },
    {
      "kind": "circle",
      "preset": "pursuit",
      "speed_mps": 6.0,
      "radius_m": 20.0,
      "sign": -1.0,
      "delay_s": 0.1,
      "lateral_offset_m": 0.0,
      "heading_offset_deg": 0.0,
      "wheelbase_gain": 1.0,
      "steering_gain": 1.0,
      "steering_delay_s": 0.0,
      "speed_window": "near",
      "lookahead": "additive",
      "experiment": "production_controller",
      "lateral_rms_full_m": 0.01972872973200803,
      "lateral_rms_m": 0.00959242942336888,
      "lateral_p95_m": 0.012386396282512634,
      "reference_speed_rms_mps": 0.09794525066148169,
      "command_speed_rms_mps": 0.09466797492051693,
      "controller_p99_ms": 0.12371198999999979,
      "reason_counts": {
        "no_trajectory": 2,
        "tracking": 278
      },
      "physics_lateral_acceleration_mps2": 1.8,
      "main_pass": true
    },
    {
      "kind": "circle",
      "preset": "pursuit",
      "speed_mps": 6.0,
      "radius_m": 20.0,
      "sign": -1.0,
      "delay_s": 0.3,
      "lateral_offset_m": 0.0,
      "heading_offset_deg": 0.0,
      "wheelbase_gain": 1.0,
      "steering_gain": 1.0,
      "steering_delay_s": 0.0,
      "speed_window": "near",
      "lookahead": "additive",
      "experiment": "production_controller",
      "lateral_rms_full_m": 0.054185323914688666,
      "lateral_rms_m": 0.024536140035862956,
      "lateral_p95_m": 0.0667070562922315,
      "reference_speed_rms_mps": 0.041059213525066265,
      "command_speed_rms_mps": 0.041478516822562886,
      "controller_p99_ms": 0.10242053999999973,
      "reason_counts": {
        "no_trajectory": 6,
        "tracking": 274
      },
      "physics_lateral_acceleration_mps2": 1.8,
      "main_pass": true
    },
    {
      "kind": "circle",
      "preset": "pursuit",
      "speed_mps": 6.0,
      "radius_m": 20.0,
      "sign": 1.0,
      "delay_s": 0.0,
      "lateral_offset_m": 0.0,
      "heading_offset_deg": 0.0,
      "wheelbase_gain": 1.0,
      "steering_gain": 1.0,
      "steering_delay_s": 0.0,
      "speed_window": "near",
      "lookahead": "additive",
      "experiment": "production_controller",
      "lateral_rms_full_m": 0.008492661334890638,
      "lateral_rms_m": 0.00907033271840876,
      "lateral_p95_m": 0.009781014025847056,
      "reference_speed_rms_mps": 0.028311521906860846,
      "command_speed_rms_mps": 0.03502344221288954,
      "controller_p99_ms": 0.09407122999999999,
      "reason_counts": {
        "tracking": 280
      },
      "physics_lateral_acceleration_mps2": 1.8,
      "main_pass": true
    },
    {
      "kind": "circle",
      "preset": "pursuit",
      "speed_mps": 6.0,
      "radius_m": 20.0,
      "sign": 1.0,
      "delay_s": 0.1,
      "lateral_offset_m": 0.0,
      "heading_offset_deg": 0.0,
      "wheelbase_gain": 1.0,
      "steering_gain": 1.0,
      "steering_delay_s": 0.0,
      "speed_window": "near",
      "lookahead": "additive",
      "experiment": "production_controller",
      "lateral_rms_full_m": 0.01972872973200803,
      "lateral_rms_m": 0.00959242942336888,
      "lateral_p95_m": 0.012386396282512634,
      "reference_speed_rms_mps": 0.09794525066148169,
      "command_speed_rms_mps": 0.09466797492051693,
      "controller_p99_ms": 0.09542661999999995,
      "reason_counts": {
        "no_trajectory": 2,
        "tracking": 278
      },
      "physics_lateral_acceleration_mps2": 1.8,
      "main_pass": true
    },
    {
      "kind": "circle",
      "preset": "pursuit",
      "speed_mps": 6.0,
      "radius_m": 20.0,
      "sign": 1.0,
      "delay_s": 0.3,
      "lateral_offset_m": 0.0,
      "heading_offset_deg": 0.0,
      "wheelbase_gain": 1.0,
      "steering_gain": 1.0,
      "steering_delay_s": 0.0,
      "speed_window": "near",
      "lookahead": "additive",
      "experiment": "production_controller",
      "lateral_rms_full_m": 0.054185323914688666,
      "lateral_rms_m": 0.024536140035862956,
      "lateral_p95_m": 0.0667070562922315,
      "reference_speed_rms_mps": 0.041059213525066265,
      "command_speed_rms_mps": 0.041478516822562886,
      "controller_p99_ms": 0.09890189999999992,
      "reason_counts": {
        "no_trajectory": 6,
        "tracking": 274
      },
      "physics_lateral_acceleration_mps2": 1.8,
      "main_pass": true
    },
    {
      "kind": "circle",
      "preset": "pursuit",
      "speed_mps": 6.0,
      "radius_m": 20.0,
      "sign": 1.0,
      "delay_s": 0.0,
      "lateral_offset_m": 0.5,
      "heading_offset_deg": 5.0,
      "wheelbase_gain": 1.0,
      "steering_gain": 1.0,
      "steering_delay_s": 0.0,
      "speed_window": "near",
      "lookahead": "additive",
      "experiment": "production_controller",
      "lateral_rms_full_m": 0.1544850873242797,
      "lateral_rms_m": 0.014042369687467856,
      "lateral_p95_m": 0.018436993183812155,
      "reference_speed_rms_mps": 0.038456926188423675,
      "command_speed_rms_mps": 0.08135948439246513,
      "controller_p99_ms": 0.09818426999999998,
      "reason_counts": {
        "tracking": 280
      },
      "physics_lateral_acceleration_mps2": 1.8,
      "main_pass": true
    },
    {
      "kind": "s_curve",
      "preset": "pursuit",
      "delay_s": 0.0,
      "lateral_rms_full_m": 0.02646241992682065,
      "lateral_rms_m": 0.027127953569897455,
      "reference_speed_rms_mps": 0.02423271333097972,
      "pass_accuracy": true
    },
    {
      "kind": "speed_steps",
      "longitudinal_mode": "pi",
      "actuator_delay_s": 0.0,
      "steady_speed_rms_mps": 0.007257248920222507,
      "parked_displacement_m": 0.0,
      "parked_max_speed_mps": 0.0,
      "ticks": 920,
      "integral_max_abs": 0.30487211893150407,
      "main_pass": true
    },
    {
      "kind": "speed_steps",
      "longitudinal_mode": "pi",
      "actuator_delay_s": 0.1,
      "steady_speed_rms_mps": 0.004638679597490819,
      "parked_displacement_m": 0.0,
      "parked_max_speed_mps": 0.0,
      "ticks": 920,
      "integral_max_abs": 0.2919788543292123,
      "main_pass": true
    },
    {
      "kind": "speed_steps",
      "longitudinal_mode": "pi",
      "actuator_delay_s": 0.2,
      "steady_speed_rms_mps": 0.0022895549957425393,
      "parked_displacement_m": 0.0,
      "parked_max_speed_mps": 0.0,
      "ticks": 920,
      "integral_max_abs": 0.27910624526251576,
      "main_pass": true
    }
  ],
  "sources": [
    {
      "path": "b2d_controller.py",
      "sha256": "648d95807fa385754eb863786ee91dce091425709da0c8bccf5dfe00526624cb"
    },
    {
      "path": "b2d_controller_selftest.py",
      "sha256": "2759b487020f87133ec83e4083739afbb85640009939f66c3339b128266ab3ea"
    },
    {
      "path": "b2d_controller_pi_selftest.py",
      "sha256": "72868576bc638e95fdaaf746d4736128ac1f2e2df8ec53668bcd1babf04c102c"
    },
    {
      "path": "test_b2d_controller_pi.py",
      "sha256": "1b0e18412637ca7b02d7ee5066b1892e9767438c1a3c05841e2f3761760638d8"
    }
  ],
  "pass": true
}
